Microchip MPLAB XC8 Compiler V2.31

Linker command line:

-W-3 --edf=C:\Program Files\Microchip\xc8\v2.31\pic\dat\en_msgs.txt -cn \
  -h+dist/default/production\Lab05.X.production.sym \
  --cmf=dist/default/production\Lab05.X.production.cmf -z -Q16F887 \
  -oC:\Users\PERSON~1\AppData\Local\Temp\s7ns.2 --defsym=__MPLAB_BUILD=1 \
  -Mdist/default/production/Lab05.X.production.map -E1 -ver=XC8 Compiler \
  --acfsm=1493 -ASTACK=0110h-016Fh -pstack=STACK -ACODE=00h-07FFhx4 \
  -ASTRCODE=00h-01FFFh -ASTRING=00h-0FFhx32 -ACONST=00h-0FFhx32 \
  -AENTRY=00h-0FFhx32 -ACOMMON=070h-07Fh -ABANK0=020h-06Fh \
  -ABANK1=0A0h-0EFh -ABANK2=0110h-016Fh -ABANK3=0190h-01EFh \
  -ARAM=020h-06Fh,0A0h-0EFh,0110h-016Fh,0190h-01EFh \
  -AABS1=020h-07Fh,0A0h-0EFh,0110h-016Fh,0190h-01EFh -ASFR0=00h-01Fh \
  -ASFR1=080h-09Fh -ASFR2=0100h-010Fh -ASFR3=0180h-018Fh \
  -ACONFIG=02007h-02008h -DCONFIG=2 -AIDLOC=02000h-02003h -DIDLOC=2 \
  -AEEDATA=00h-0FFh/02100h -peeprom_data=EEDATA -DEEDATA=2 -DCODE=2 \
  -DSTRCODE=2 -DSTRING=2 -DCONST=2 -DENTRY=2 \
  -preset_vec=00h,intentry=04h,init,end_init -ppowerup=CODE -pcinit=CODE \
  -pfunctab=ENTRY -k C:\Users\PERSON~1\AppData\Local\Temp\s7ns.o \
  dist/default/production\Lab05.X.production.o 

Object code version is 3.11

Machine type is 16F887



                Name                               Link     Load   Length Selector   Space Scale
C:\Users\PERSON~1\AppData\Local\Temp\s7ns.o
                end_init                              C        C        3        8       0
                reset_vec                             0        0        3        0       0
                config                             2007     2007        2        0       4
dist/default/production\Lab05.X.production.o
                cinit                                 F        F       16        8       0
                functab                              25       25        9       4A       0
                intentry                              4        4        8        8       0
                config                             2007     2007        2        0       4
                text17                              5B8      5B8       3B      74C       0
                text16                              62D      62D       2B      74C       0
                text15                              6E6      6E6       12      74C       0
                text14                              3A6      3A6       83      74C       0
                text13                              4F9      4F9       46      74C       0
                text12                              57C      57C       3C      74C       0
                text11                              6F8      6F8        9      74C       0
                text10                              176      176      136       5C       0
                text9                               681      681       21      74C       0
                text8                               658      658       29      74C       0
                text7                               53F      53F       3D      74C       0
                text6                               429      429       69      74C       0
                text5                               6BD      6BD       15      74C       0
                text4                               492      492       67      74C       0
                text3                               6A2      6A2       1B      74C       0
                text2                                2E       2E      148       5C       0
                text1                               5F3      5F3       3A      74C       0
                maintext                            6D2      6D2       14      74C       0
                cstackBANK0                          20       20       4C       20       1
                cstackCOMMON                         70       70        8       70       1
                cstackBANK1                          A9       A9        5       A0       1
                bssBANK1                             A0       A0        9       A0       1
                bssBANK0                             6C       6C        2       20       1
                bssCOMMON                            78       78        3       70       1
                strings                             300      300       A6      600       0

TOTAL           Name                               Link     Load   Length     Space
        CLASS   STACK          

        CLASS   CODE           
                end_init                              C        C        3         0
                cinit                                 F        F       16         0
                intentry                              4        4        8         0
                reset_vec                             0        0        3         0
                text17                              5B8      5B8       3B         0
                text16                              62D      62D       2B         0
                text15                              6E6      6E6       12         0
                text14                              3A6      3A6       83         0
                text13                              4F9      4F9       46         0
                text12                              57C      57C       3C         0
                text11                              6F8      6F8        9         0
                text10                              176      176      136         0
                text9                               681      681       21         0
                text8                               658      658       29         0
                text7                               53F      53F       3D         0
                text6                               429      429       69         0
                text5                               6BD      6BD       15         0
                text4                               492      492       67         0
                text3                               6A2      6A2       1B         0
                text2                                2E       2E      148         0
                text1                               5F3      5F3       3A         0
                maintext                            6D2      6D2       14         0

        CLASS   STRCODE        

        CLASS   STRING         
                strings                             300      300       A6         0

        CLASS   CONST          

        CLASS   ENTRY          
                functab                              25       25        9         0

        CLASS   COMMON         
                cstackCOMMON                         70       70        8         1
                bssCOMMON                            78       78        3         1

        CLASS   BANK0          
                cstackBANK0                          20       20       4C         1
                bssBANK0                             6C       6C        2         1

        CLASS   BANK1          
                cstackBANK1                          A9       A9        5         1
                bssBANK1                             A0       A0        9         1

        CLASS   BANK2          

        CLASS   BANK3          

        CLASS   RAM            

        CLASS   ABS1           
                abs_s1                               7E       7E        2         1

        CLASS   SFR0           

        CLASS   SFR1           

        CLASS   SFR2           

        CLASS   SFR3           

        CLASS   CONFIG         
                config                             2007     2007        2         4

        CLASS   IDLOC          

        CLASS   EEDATA         



SEGMENTS        Name                           Load    Length   Top    Selector   Space  Class     Delta

                reset_vec                      000000  000003  000003         0       0  CODE        2
                intentry                       000004  000021  000025         8       0  CODE        2
                cstackBANK0                    000020  00004E  00006E        20       1  BANK0       1
                functab                        000025  000009  00002E        4A       0  ENTRY       2
                text2                          00002E  00027E  0002AC        5C       0  CODE        2
                cstackCOMMON                   000070  00000B  00007B        70       1  COMMON      1
                bssBANK1                       0000A0  00000E  0000AE        A0       1  BANK1       1
                strings                        000300  0000A6  0003A6       600       0  STRING      2
                text14                         0003A6  00035B  000701       74C       0  CODE        2


UNUSED ADDRESS RANGES

        Name                Unused          Largest block    Delta
        BANK0            006E-006F              2           1
        BANK1            00AE-00EF             42           1
        BANK2            0110-016F             60           1
        BANK3            0190-01EF             60           1
        CODE             0003-0003              1           2
                         02AC-02FF             54
                         0701-1FFF            800
        COMMON           007B-007D              3           1
        CONST            0003-0003              1           2
                         02AC-02FF             54
                         0701-1FFF            100
        EEDATA           2100-21FF            100           2
        ENTRY            0003-0003              1           2
                         02AC-02FF             54
                         0701-1FFF            100
        IDLOC            2000-2003              4           2
        RAM              006E-006F              2           1
                         00AE-00EF             42
                         0110-016F             60
                         0190-01EF             60
        SFR0             0000-001F             20           1
        SFR1             0080-009F             20           1
        SFR2             0100-010F             10           1
        SFR3             0180-018F             10           1
        STACK            0110-016F             60           1
        STRCODE          0003-0003              1           2
                         02AC-02FF             54
                         0701-1FFF           18FF
        STRING           0003-0003              1           2
                         02AC-02FF             54
                         0701-1FFF            100

                                  Symbol Table

?___awdiv                cstackCOMMON 0073
?___lwdiv                cstackCOMMON 0073
?___lwmod                cstackBANK0  0023
?___wmul                 cstackCOMMON 0073
?__doprnt                cstackBANK0  0029
?_atoi                   cstackBANK0  0022
?_concat                 cstackBANK0  003D
?_printf                 cstackBANK0  0034
?_sprintf                cstackBANK0  0034
_ANSEL                   (abs)        0188
_ANSELH                  (abs)        0189
_BAUDCTLbits             (abs)        0187
_FLAG                    bssBANK1     00A8
_FLAG1                   bssBANK1     00A7
_INTCONbits              (abs)        000B
_IOCB                    (abs)        0096
_OPTION_REGbits          (abs)        0081
_OSCCONbits              (abs)        008F
_PIE1bits                (abs)        008C
_PIR1bits                (abs)        000C
_PORTA                   (abs)        0005
_PORTB                   (abs)        0006
_PORTBbits               (abs)        0006
_PORTC                   (abs)        0007
_PORTD                   (abs)        0008
_PORTE                   (abs)        0009
_RCIF                    (abs)        0065
_RCREG                   (abs)        001A
_RCSTAbits               (abs)        0018
_SPBRG                   (abs)        0099
_SPBRGH                  (abs)        009A
_TRISA                   (abs)        0085
_TRISB                   (abs)        0086
_TRISE                   (abs)        0089
_TXIF                    (abs)        0064
_TXREG                   (abs)        0019
_TXSTAbits               (abs)        0098
_Text                    text2        002E
_WPUB                    (abs)        0095
__Habs1                  abs1         005C
__Hbank0                 bank0        005C
__Hbank1                 bank1        005C
__Hbank2                 bank2        005C
__Hbank3                 bank3        005C
__HbssBANK0              bssBANK0     005C
__HbssBANK1              bssBANK1     005C
__HbssCOMMON             bssCOMMON    005C
__Hcinit                 cinit        0025
__Hclrtext               clrtext      005C
__Hcode                  code         005C
__Hcommon                common       005C
__Hconfig                config       2009
__HcstackBANK0           cstackBANK0  005C
__HcstackBANK1           cstackBANK1  005C
__HcstackCOMMON          cstackCOMMON 005C
__Heeprom_data           eeprom_data  0000
__Hend_init              end_init     000F
__Hfunctab               functab      002E
__Hinit                  init         000C
__Hintentry              intentry     000C
__Hmaintext              maintext     005C
__Hpowerup               powerup      0000
__Hram                   ram          005C
__Hreset_vec             reset_vec    0003
__Hsfr0                  sfr0         005C
__Hsfr1                  sfr1         005C
__Hsfr2                  sfr2         005C
__Hsfr3                  sfr3         005C
__Hspace_0               (abs)        0701
__Hspace_1               (abs)        00AE
__Hspace_2               (abs)        0000
__Hspace_3               (abs)        0000
__Hspace_4               (abs)        4010
__Hstack                 stack        0000
__Hstrings               strings      005C
__Htext                  text         005C
__Labs1                  abs1         005C
__Lbank0                 bank0        005C
__Lbank1                 bank1        005C
__Lbank2                 bank2        005C
__Lbank3                 bank3        005C
__LbssBANK0              bssBANK0     005C
__LbssBANK1              bssBANK1     005C
__LbssCOMMON             bssCOMMON    005C
__Lcinit                 cinit        000F
__Lclrtext               clrtext      005C
__Lcode                  code         005C
__Lcommon                common       005C
__Lconfig                config       0000
__LcstackBANK0           cstackBANK0  005C
__LcstackBANK1           cstackBANK1  005C
__LcstackCOMMON          cstackCOMMON 005C
__Leeprom_data           eeprom_data  0000
__Lend_init              end_init     000C
__Lfunctab               functab      0025
__Linit                  init         000C
__Lintentry              intentry     0004
__Lmaintext              maintext     005C
__Lpowerup               powerup      0000
__Lram                   ram          005C
__Lreset_vec             reset_vec    0000
__Lsfr0                  sfr0         005C
__Lsfr1                  sfr1         005C
__Lsfr2                  sfr2         005C
__Lsfr3                  sfr3         005C
__Lspace_0               (abs)        0000
__Lspace_1               (abs)        0000
__Lspace_2               (abs)        0000
__Lspace_3               (abs)        0000
__Lspace_4               (abs)        0000
__Lstack                 stack        0000
__Lstrings               strings      005C
__Ltext                  text         005C
__S0                     (abs)        0701
__S1                     (abs)        00AE
__S2                     (abs)        0000
__S3                     (abs)        0000
___awdiv                 text6        0429
___awdiv@counter         cstackBANK0  0020
___awdiv@dividend        cstackCOMMON 0075
___awdiv@divisor         cstackCOMMON 0073
___awdiv@quotient        cstackBANK0  0022
___awdiv@sign            cstackBANK0  0021
___bmul                  text5        06BD
___bmul@multiplicand     cstackCOMMON 0073
___bmul@multiplier       cstackCOMMON 0076
___bmul@product          cstackCOMMON 0075
___int_sp                stack        0000
___latbits               (abs)        0002
___lwdiv                 text13       04F9
___lwdiv@counter         cstackBANK0  0020
___lwdiv@dividend        cstackCOMMON 0075
___lwdiv@divisor         cstackCOMMON 0073
___lwdiv@quotient        cstackBANK0  0021
___lwmod                 text12       057C
___lwmod@counter         cstackBANK0  0028
___lwmod@dividend        cstackBANK0  0025
___lwmod@divisor         cstackBANK0  0023
___sp                    stack        0000
___stackhi               (abs)        0000
___stacklo               (abs)        0000
___wmul                  text16       062D
___wmul@multiplicand     cstackCOMMON 0075
___wmul@multiplier       cstackCOMMON 0073
___wmul@product          cstackBANK0  0020
__doprnt                 text10       0176
__doprnt@ap              cstackBANK0  002A
__doprnt@c               cstackBANK0  0032
__doprnt@f               cstackBANK0  0029
__doprnt@flag            cstackBANK0  002E
__doprnt@pb              cstackBANK0  0033
__doprnt@prec            cstackBANK0  002F
__doprnt@val             cstackBANK0  0030
__end_of_Text            text2        0176
__end_of___awdiv         text6        0492
__end_of___bmul          text5        06D2
__end_of___lwdiv         text13       053F
__end_of___lwmod         text12       05B8
__end_of___wmul          text16       0658
__end_of__doprnt         text10       02AC
__end_of__fptable        functab      002E
__end_of__initialization cinit        0021
__end_of__stringtab      strings      0306
__end_of_atoi            text14       0429
__end_of_concat          text7        057C
__end_of_decimal         text4        04F9
__end_of_dpowers         strings      0310
__end_of_isdigit         text15       06F8
__end_of_isr             text17       05F3
__end_of_main            maintext     06E6
__end_of_printf          text3        06BD
__end_of_putch           text11       0701
__end_of_setup           text1        062D
__end_of_sprintf         text9        06A2
__end_of_strcat          text8        0681
__fptable                functab      0025
__initialization         cinit        000F
__pbssBANK0              bssBANK0     006C
__pbssBANK1              bssBANK1     00A0
__pbssCOMMON             bssCOMMON    0078
__pcstackBANK0           cstackBANK0  0020
__pcstackBANK1           cstackBANK1  00A9
__pcstackCOMMON          cstackCOMMON 0070
__pfunctab               functab      0025
__pintentry              intentry     0004
__pmaintext              maintext     06D2
__pstrings               strings      0300
__ptext1                 text1        05F3
__ptext10                text10       0176
__ptext11                text11       06F8
__ptext12                text12       057C
__ptext13                text13       04F9
__ptext14                text14       03A6
__ptext15                text15       06E6
__ptext16                text16       062D
__ptext17                text17       05B8
__ptext2                 text2        002E
__ptext3                 text3        06A2
__ptext4                 text4        0492
__ptext5                 text5        06BD
__ptext6                 text6        0429
__ptext7                 text7        053F
__ptext8                 text8        0658
__ptext9                 text9        0681
__size_of_Text           (abs)        0000
__size_of___awdiv        (abs)        0000
__size_of___bmul         (abs)        0000
__size_of___lwdiv        (abs)        0000
__size_of___lwmod        (abs)        0000
__size_of___wmul         (abs)        0000
__size_of__doprnt        (abs)        0000
__size_of__fptable       (abs)        0000
__size_of_atoi           (abs)        0000
__size_of_concat         (abs)        0000
__size_of_decimal        (abs)        0000
__size_of_isdigit        (abs)        0000
__size_of_isr            (abs)        0000
__size_of_main           (abs)        0000
__size_of_printf         (abs)        0000
__size_of_putch          (abs)        0000
__size_of_setup          (abs)        0000
__size_of_sprintf        (abs)        0000
__size_of_strcat         (abs)        0000
__stringbase             strings      0305
__stringtab              strings      0300
_atoi                    text14       03A6
_cen                     bssBANK0     006C
_centena                 bssCOMMON    0079
_con                     bssBANK1     00A4
_concat                  text7        053F
_dec                     bssBANK0     006D
_decena                  bssCOMMON    0078
_decimal                 text4        0492
_dpowers                 strings      0306
_full                    bssBANK1     00A0
_isdigit                 text15       06E6
_isdigit$869             cstackCOMMON 0073
_isr                     text17       05B8
_main                    maintext     06D2
_printf                  text3        06A2
_putch                   text11       06F8
_select                  bssBANK1     00A2
_setup                   text1        05F3
_sprintf                 text9        0681
_strcat                  text8        0658
_un                      bssCOMMON    007A
_unidad                  bssBANK1     00A6
atoi@a                   cstackBANK0  0027
atoi@s                   cstackBANK0  0029
atoi@sign                cstackBANK0  0026
btemp                    (abs)        007E
concat@a                 cstackBANK0  003D
concat@b                 cstackBANK0  003F
concat@c                 cstackBANK0  006A
concat@s1                cstackBANK0  0056
concat@s2                cstackBANK0  0042
decimal@VAL              cstackBANK0  0028
decimal@var              cstackBANK0  0027
end_of_initialization    cinit        0021
fpbase                   functab      002A
fptable                  functab      0025
fptotal                  (abs)        0002
interrupt_function       intentry     0004
intlevel0                functab      0025
intlevel1                functab      0025
intlevel2                functab      0025
intlevel3                functab      0025
intlevel4                functab      0025
intlevel5                functab      0025
isdigit@c                cstackCOMMON 0074
printf@ap                cstackBANK0  0038
printf@f                 cstackBANK0  0039
printf@pb                cstackBANK0  003A
putch@info               cstackCOMMON 0073
reset_vec                reset_vec    0000
saved_w                  (abs)        007E
sprintf@ap               cstackBANK0  003A
sprintf@f                cstackBANK0  0034
sprintf@pb               cstackBANK0  003B
sprintf@wh               cstackBANK0  0039
start                    init         000C
start_initialization     cinit        000F
strcat@cp                cstackCOMMON 0076
strcat@from              cstackCOMMON 0073
strcat@to                cstackCOMMON 0075
wtemp0                   (abs)        007E


FUNCTION INFORMATION:

 *************** function _main *****************
 Defined at:
		line 153 in file "Lab05.c"
 Parameters:    Size  Location     Type
		None
 Auto vars:     Size  Location     Type
		None
 Return value:  Size  Location     Type
                  1    wreg      void 
 Registers used:
		wreg, fsr0l, fsr0h, status,2, status,0, btemp+1, pclath, cstack
 Tracked objects:
		On entry : 
		On exit  : 
		Unchanged: 
 Data sizes:     COMMON   BANK0   BANK1   BANK3   BANK2
      Params:         0       0       0       0       0
      Locals:         0       0       0       0       0
      Temps:          0       0       0       0       0
      Totals:         0       0       0       0       0
Total ram usage:        0 bytes
 Hardware stack levels required when called:    6
 This function calls:
		_Text
		_setup
 This function is called by:
		Startup code after reset
 This function uses a non-reentrant model


 *************** function _setup *****************
 Defined at:
		line 97 in file "Lab05.c"
 Parameters:    Size  Location     Type
		None
 Auto vars:     Size  Location     Type
		None
 Return value:  Size  Location     Type
                  1    wreg      void 
 Registers used:
		wreg, status,2
 Tracked objects:
		On entry : 
		On exit  : 
		Unchanged: 
 Data sizes:     COMMON   BANK0   BANK1   BANK3   BANK2
      Params:         0       0       0       0       0
      Locals:         0       0       0       0       0
      Temps:          0       0       0       0       0
      Totals:         0       0       0       0       0
Total ram usage:        0 bytes
 Hardware stack levels used:    1
 Hardware stack levels required when called:    1
 This function calls:
		Nothing
 This function is called by:
		_main
 This function uses a non-reentrant model


 *************** function _Text *****************
 Defined at:
		line 170 in file "Lab05.c"
 Parameters:    Size  Location     Type
		None
 Auto vars:     Size  Location     Type
		None
 Return value:  Size  Location     Type
                  1    wreg      void 
 Registers used:
		wreg, fsr0l, fsr0h, status,2, status,0, btemp+1, pclath, cstack
 Tracked objects:
		On entry : 
		On exit  : 
		Unchanged: 
 Data sizes:     COMMON   BANK0   BANK1   BANK3   BANK2
      Params:         0       0       0       0       0
      Locals:         0       0       0       0       0
      Temps:          0       0       5       0       0
      Totals:         0       0       5       0       0
Total ram usage:        5 bytes
 Hardware stack levels used:    1
 Hardware stack levels required when called:    5
 This function calls:
		_concat
		_decimal
		_printf
 This function is called by:
		_main
 This function uses a non-reentrant model


 *************** function _printf *****************
 Defined at:
		line 13 in file "C:\Program Files\Microchip\xc8\v2.31\pic\sources\c90\common\printf.c"
 Parameters:    Size  Location     Type
  f               1    wreg     PTR const unsigned char 
		 -> STR_6(27), STR_5(19), STR_4(19), STR_3(61), 
		 -> STR_2(2), STR_1(21), 
 Auto vars:     Size  Location     Type
  f               1   25[BANK0 ] PTR const unsigned char 
		 -> STR_6(27), STR_5(19), STR_4(19), STR_3(61), 
		 -> STR_2(2), STR_1(21), 
  pb              2   26[BANK0 ] struct __prbuf
  ap              1   24[BANK0 ] PTR void [1]
		 -> ?_sprintf(2), ?_printf(2), 
 Return value:  Size  Location     Type
                  2   20[BANK0 ] int 
 Registers used:
		wreg, fsr0l, fsr0h, status,2, status,0, btemp+1, pclath, cstack
 Tracked objects:
		On entry : 
		On exit  : 
		Unchanged: 
 Data sizes:     COMMON   BANK0   BANK1   BANK3   BANK2
      Params:         0       2       0       0       0
      Locals:         0       4       0       0       0
      Temps:          0       2       0       0       0
      Totals:         0       8       0       0       0
Total ram usage:        8 bytes
 Hardware stack levels used:    1
 Hardware stack levels required when called:    3
 This function calls:
		__doprnt
 This function is called by:
		_Text
 This function uses a non-reentrant model


 *************** function _decimal *****************
 Defined at:
		line 221 in file "Lab05.c"
 Parameters:    Size  Location     Type
  var             1    wreg     unsigned char 
 Auto vars:     Size  Location     Type
  var             1    7[BANK0 ] unsigned char 
  VAL             1    8[BANK0 ] unsigned char 
 Return value:  Size  Location     Type
                  1    wreg      void 
 Registers used:
		wreg, status,2, status,0, pclath, cstack
 Tracked objects:
		On entry : 
		On exit  : 
		Unchanged: 
 Data sizes:     COMMON   BANK0   BANK1   BANK3   BANK2
      Params:         0       0       0       0       0
      Locals:         0       2       0       0       0
      Temps:          0       3       0       0       0
      Totals:         0       5       0       0       0
Total ram usage:        5 bytes
 Hardware stack levels used:    1
 Hardware stack levels required when called:    2
 This function calls:
		___awdiv
		___bmul
 This function is called by:
		_Text
 This function uses a non-reentrant model


 *************** function ___bmul *****************
 Defined at:
		line 4 in file "C:\Program Files\Microchip\xc8\v2.31\pic\sources\c90\common\Umul8.c"
 Parameters:    Size  Location     Type
  multiplier      1    wreg     unsigned char 
  multiplicand    1    3[COMMON] unsigned char 
 Auto vars:     Size  Location     Type
  multiplier      1    6[COMMON] unsigned char 
  product         1    5[COMMON] unsigned char 
 Return value:  Size  Location     Type
                  1    wreg      unsigned char 
 Registers used:
		wreg, status,2, status,0
 Tracked objects:
		On entry : 
		On exit  : 
		Unchanged: 
 Data sizes:     COMMON   BANK0   BANK1   BANK3   BANK2
      Params:         1       0       0       0       0
      Locals:         2       0       0       0       0
      Temps:          1       0       0       0       0
      Totals:         4       0       0       0       0
Total ram usage:        4 bytes
 Hardware stack levels used:    1
 Hardware stack levels required when called:    1
 This function calls:
		Nothing
 This function is called by:
		_decimal
 This function uses a non-reentrant model


 *************** function ___awdiv *****************
 Defined at:
		line 5 in file "C:\Program Files\Microchip\xc8\v2.31\pic\sources\c90\common\awdiv.c"
 Parameters:    Size  Location     Type
  divisor         2    3[COMMON] int 
  dividend        2    5[COMMON] int 
 Auto vars:     Size  Location     Type
  quotient        2    2[BANK0 ] int 
  sign            1    1[BANK0 ] unsigned char 
  counter         1    0[BANK0 ] unsigned char 
 Return value:  Size  Location     Type
                  2    3[COMMON] int 
 Registers used:
		wreg, status,2, status,0
 Tracked objects:
		On entry : 
		On exit  : 
		Unchanged: 
 Data sizes:     COMMON   BANK0   BANK1   BANK3   BANK2
      Params:         4       0       0       0       0
      Locals:         0       4       0       0       0
      Temps:          1       0       0       0       0
      Totals:         5       4       0       0       0
Total ram usage:        9 bytes
 Hardware stack levels used:    1
 Hardware stack levels required when called:    1
 This function calls:
		Nothing
 This function is called by:
		_decimal
 This function uses a non-reentrant model


 *************** function _concat *****************
 Defined at:
		line 236 in file "Lab05.c"
 Parameters:    Size  Location     Type
  a               2   29[BANK0 ] int 
  b               2   31[BANK0 ] int 
 Auto vars:     Size  Location     Type
  s1             20   54[BANK0 ] unsigned char [20]
  s2             20   34[BANK0 ] unsigned char [20]
  c               2   74[BANK0 ] int 
 Return value:  Size  Location     Type
                  2   29[BANK0 ] int 
 Registers used:
		wreg, fsr0l, fsr0h, status,2, status,0, btemp+1, pclath, cstack
 Tracked objects:
		On entry : 
		On exit  : 
		Unchanged: 
 Data sizes:     COMMON   BANK0   BANK1   BANK3   BANK2
      Params:         0       4       0       0       0
      Locals:         0      42       0       0       0
      Temps:          0       1       0       0       0
      Totals:         0      47       0       0       0
Total ram usage:       47 bytes
 Hardware stack levels used:    1
 Hardware stack levels required when called:    4
 This function calls:
		_atoi
		_sprintf
		_strcat
 This function is called by:
		_Text
 This function uses a non-reentrant model


 *************** function _strcat *****************
 Defined at:
		line 8 in file "C:\Program Files\Microchip\xc8\v2.31\pic\sources\c90\common\strcat.c"
 Parameters:    Size  Location     Type
  to              1    wreg     PTR unsigned char 
		 -> concat@s1(20), 
  from            1    3[COMMON] PTR const unsigned char 
		 -> concat@s2(20), 
 Auto vars:     Size  Location     Type
  to              1    5[COMMON] PTR unsigned char 
		 -> concat@s1(20), 
  cp              1    6[COMMON] PTR unsigned char 
		 -> concat@s1(20), 
 Return value:  Size  Location     Type
                  1    wreg      PTR unsigned char 
 Registers used:
		wreg, fsr0l, fsr0h, status,2, status,0
 Tracked objects:
		On entry : 
		On exit  : 
		Unchanged: 
 Data sizes:     COMMON   BANK0   BANK1   BANK3   BANK2
      Params:         1       0       0       0       0
      Locals:         2       0       0       0       0
      Temps:          1       0       0       0       0
      Totals:         4       0       0       0       0
Total ram usage:        4 bytes
 Hardware stack levels used:    1
 Hardware stack levels required when called:    1
 This function calls:
		Nothing
 This function is called by:
		_concat
 This function uses a non-reentrant model


 *************** function _sprintf *****************
 Defined at:
		line 13 in file "C:\Program Files\Microchip\xc8\v2.31\pic\sources\c90\common\sprintf.c"
 Parameters:    Size  Location     Type
  wh              1    wreg     PTR unsigned char 
		 -> concat@s2(20), concat@s1(20), 
  f               1   20[BANK0 ] PTR const unsigned char 
		 -> STR_8(3), STR_7(3), 
 Auto vars:     Size  Location     Type
  wh              1   25[BANK0 ] PTR unsigned char 
		 -> concat@s2(20), concat@s1(20), 
  pb              2   27[BANK0 ] struct __prbuf
  ap              1   26[BANK0 ] PTR void [1]
		 -> ?_sprintf(2), ?_printf(2), 
 Return value:  Size  Location     Type
                  2   20[BANK0 ] int 
 Registers used:
		wreg, fsr0l, fsr0h, status,2, status,0, btemp+1, pclath, cstack
 Tracked objects:
		On entry : 
		On exit  : 
		Unchanged: 
 Data sizes:     COMMON   BANK0   BANK1   BANK3   BANK2
      Params:         0       3       0       0       0
      Locals:         0       4       0       0       0
      Temps:          0       2       0       0       0
      Totals:         0       9       0       0       0
Total ram usage:        9 bytes
 Hardware stack levels used:    1
 Hardware stack levels required when called:    3
 This function calls:
		__doprnt
 This function is called by:
		_concat
 This function uses a non-reentrant model


 *************** function __doprnt *****************
 Defined at:
		line 471 in file "C:\Program Files\Microchip\xc8\v2.31\pic\sources\c90\common\doprnt.c"
 Parameters:    Size  Location     Type
  pb              1    wreg     PTR struct __prbuf
		 -> sprintf@pb(2), printf@pb(2), 
  f               1    9[BANK0 ] PTR const unsigned char 
		 -> STR_8(3), STR_7(3), STR_6(27), STR_5(19), 
		 -> STR_4(19), STR_3(61), STR_2(2), STR_1(21), 
  ap              1   10[BANK0 ] PTR PTR void 
		 -> sprintf@ap(1), printf@ap(1), 
 Auto vars:     Size  Location     Type
  pb              1   19[BANK0 ] PTR struct __prbuf
		 -> sprintf@pb(2), printf@pb(2), 
  tmpval          4    0        struct .
  val             2   16[BANK0 ] unsigned int 
  cp              2    0        PTR const unsigned char 
  len             2    0        unsigned int 
  c               1   18[BANK0 ] unsigned char 
  prec            1   15[BANK0 ] char 
  flag            1   14[BANK0 ] unsigned char 
 Return value:  Size  Location     Type
                  2    9[BANK0 ] int 
 Registers used:
		wreg, fsr0l, fsr0h, status,2, status,0, btemp+1, pclath, cstack
 Tracked objects:
		On entry : 
		On exit  : 
		Unchanged: 
 Data sizes:     COMMON   BANK0   BANK1   BANK3   BANK2
      Params:         0       2       0       0       0
      Locals:         0       6       0       0       0
      Temps:          0       3       0       0       0
      Totals:         0      11       0       0       0
Total ram usage:       11 bytes
 Hardware stack levels used:    1
 Hardware stack levels required when called:    2
 This function calls:
		Absolute function
		___lwdiv
		___lwmod
		_putch
 This function is called by:
		_printf
		_sprintf
 This function uses a non-reentrant model


 *************** function _putch *****************
 Defined at:
		line 164 in file "Lab05.c"
 Parameters:    Size  Location     Type
  info            1    3[COMMON] unsigned char 
 Auto vars:     Size  Location     Type
		None
 Return value:  Size  Location     Type
                  1    wreg      void 
 Registers used:
		wreg
 Tracked objects:
		On entry : 
		On exit  : 
		Unchanged: 
 Data sizes:     COMMON   BANK0   BANK1   BANK3   BANK2
      Params:         1       0       0       0       0
      Locals:         0       0       0       0       0
      Temps:          0       0       0       0       0
      Totals:         1       0       0       0       0
Total ram usage:        1 bytes
 Hardware stack levels used:    1
 Hardware stack levels required when called:    1
 This function calls:
		Nothing
 This function is called by:
		_printf
		__doprnt
 This function uses a non-reentrant model


 *************** function ___lwmod *****************
 Defined at:
		line 5 in file "C:\Program Files\Microchip\xc8\v2.31\pic\sources\c90\common\lwmod.c"
 Parameters:    Size  Location     Type
  divisor         2    3[BANK0 ] unsigned int 
  dividend        2    5[BANK0 ] unsigned int 
 Auto vars:     Size  Location     Type
  counter         1    8[BANK0 ] unsigned char 
 Return value:  Size  Location     Type
                  2    3[BANK0 ] unsigned int 
 Registers used:
		wreg, status,2, status,0
 Tracked objects:
		On entry : 
		On exit  : 
		Unchanged: 
 Data sizes:     COMMON   BANK0   BANK1   BANK3   BANK2
      Params:         0       4       0       0       0
      Locals:         0       1       0       0       0
      Temps:          0       1       0       0       0
      Totals:         0       6       0       0       0
Total ram usage:        6 bytes
 Hardware stack levels used:    1
 Hardware stack levels required when called:    1
 This function calls:
		Nothing
 This function is called by:
		__doprnt
 This function uses a non-reentrant model


 *************** function ___lwdiv *****************
 Defined at:
		line 5 in file "C:\Program Files\Microchip\xc8\v2.31\pic\sources\c90\common\lwdiv.c"
 Parameters:    Size  Location     Type
  divisor         2    3[COMMON] unsigned int 
  dividend        2    5[COMMON] unsigned int 
 Auto vars:     Size  Location     Type
  quotient        2    1[BANK0 ] unsigned int 
  counter         1    0[BANK0 ] unsigned char 
 Return value:  Size  Location     Type
                  2    3[COMMON] unsigned int 
 Registers used:
		wreg, status,2, status,0
 Tracked objects:
		On entry : 
		On exit  : 
		Unchanged: 
 Data sizes:     COMMON   BANK0   BANK1   BANK3   BANK2
      Params:         4       0       0       0       0
      Locals:         0       3       0       0       0
      Temps:          1       0       0       0       0
      Totals:         5       3       0       0       0
Total ram usage:        8 bytes
 Hardware stack levels used:    1
 Hardware stack levels required when called:    1
 This function calls:
		Nothing
 This function is called by:
		__doprnt
 This function uses a non-reentrant model


 *************** function _atoi *****************
 Defined at:
		line 5 in file "C:\Program Files\Microchip\xc8\v2.31\pic\sources\c90\common\atoi.c"
 Parameters:    Size  Location     Type
  s               1    wreg     PTR const unsigned char 
		 -> concat@s1(20), 
 Auto vars:     Size  Location     Type
  s               1    9[BANK0 ] PTR const unsigned char 
		 -> concat@s1(20), 
  a               2    7[BANK0 ] int 
  sign            1    6[BANK0 ] unsigned char 
 Return value:  Size  Location     Type
                  2    2[BANK0 ] int 
 Registers used:
		wreg, fsr0l, fsr0h, status,2, status,0, pclath, cstack
 Tracked objects:
		On entry : 
		On exit  : 
		Unchanged: 
 Data sizes:     COMMON   BANK0   BANK1   BANK3   BANK2
      Params:         0       2       0       0       0
      Locals:         0       4       0       0       0
      Temps:          0       2       0       0       0
      Totals:         0       8       0       0       0
Total ram usage:        8 bytes
 Hardware stack levels used:    1
 Hardware stack levels required when called:    2
 This function calls:
		___wmul
		_isdigit
 This function is called by:
		_concat
 This function uses a non-reentrant model


 *************** function _isdigit *****************
 Defined at:
		line 8 in file "C:\Program Files\Microchip\xc8\v2.31\pic\sources\c90\common\isdigit.c"
 Parameters:    Size  Location     Type
  c               1    wreg     unsigned char 
 Auto vars:     Size  Location     Type
  c               1    4[COMMON] unsigned char 
 Return value:  Size  Location     Type
		None               void
 Registers used:
		wreg, status,2, status,0
 Tracked objects:
		On entry : 
		On exit  : 
		Unchanged: 
 Data sizes:     COMMON   BANK0   BANK1   BANK3   BANK2
      Params:         0       0       0       0       0
      Locals:         2       0       0       0       0
      Temps:          0       0       0       0       0
      Totals:         2       0       0       0       0
Total ram usage:        2 bytes
 Hardware stack levels used:    1
 Hardware stack levels required when called:    1
 This function calls:
		Nothing
 This function is called by:
		_atoi
 This function uses a non-reentrant model


 *************** function ___wmul *****************
 Defined at:
		line 15 in file "C:\Program Files\Microchip\xc8\v2.31\pic\sources\c90\common\Umul16.c"
 Parameters:    Size  Location     Type
  multiplier      2    3[COMMON] unsigned int 
  multiplicand    2    5[COMMON] unsigned int 
 Auto vars:     Size  Location     Type
  product         2    0[BANK0 ] unsigned int 
 Return value:  Size  Location     Type
                  2    3[COMMON] unsigned int 
 Registers used:
		wreg, status,2, status,0
 Tracked objects:
		On entry : 
		On exit  : 
		Unchanged: 
 Data sizes:     COMMON   BANK0   BANK1   BANK3   BANK2
      Params:         4       0       0       0       0
      Locals:         0       2       0       0       0
      Temps:          0       0       0       0       0
      Totals:         4       2       0       0       0
Total ram usage:        6 bytes
 Hardware stack levels used:    1
 Hardware stack levels required when called:    1
 This function calls:
		Nothing
 This function is called by:
		_atoi
 This function uses a non-reentrant model


 *************** function _isr *****************
 Defined at:
		line 72 in file "Lab05.c"
 Parameters:    Size  Location     Type
		None
 Auto vars:     Size  Location     Type
		None
 Return value:  Size  Location     Type
                  1    wreg      void 
 Registers used:
		wreg, status,2, status,0
 Tracked objects:
		On entry : 
		On exit  : 
		Unchanged: 
 Data sizes:     COMMON   BANK0   BANK1   BANK3   BANK2
      Params:         0       0       0       0       0
      Locals:         0       0       0       0       0
      Temps:          3       0       0       0       0
      Totals:         3       0       0       0       0
Total ram usage:        3 bytes
 Hardware stack levels used:    1
 This function calls:
		Nothing
 This function is called by:
		Interrupt level 1
 This function uses a non-reentrant model



MODULE INFORMATION

Module		Function		Class		Link	Load	Size
C:\Program Files\Microchip\xc8\v2.31\pic\sources\c90\common\doprnt.c
		__doprnt       		CODE           	0176	0000	310

C:\Program Files\Microchip\xc8\v2.31\pic\sources\c90\common\doprnt.c estimated size: 310

C:\Program Files\Microchip\xc8\v2.31\pic\sources\c90\common\lwmod.c
		___lwmod       		CODE           	057C	0000	60

C:\Program Files\Microchip\xc8\v2.31\pic\sources\c90\common\lwmod.c estimated size: 60

C:\Program Files\Microchip\xc8\v2.31\pic\sources\c90\common\Umul16.c
		___wmul        		CODE           	062D	0000	43

C:\Program Files\Microchip\xc8\v2.31\pic\sources\c90\common\Umul16.c estimated size: 43

C:\Program Files\Microchip\xc8\v2.31\pic\sources\c90\common\isdigit.c
		_isdigit       		CODE           	06E6	0000	18

C:\Program Files\Microchip\xc8\v2.31\pic\sources\c90\common\isdigit.c estimated size: 18

C:\Program Files\Microchip\xc8\v2.31\pic\sources\c90\common\atoi.c
		_atoi          		CODE           	03A6	0000	131

C:\Program Files\Microchip\xc8\v2.31\pic\sources\c90\common\atoi.c estimated size: 131

C:\Program Files\Microchip\xc8\v2.31\pic\sources\c90\common\strcat.c
		_strcat        		CODE           	0658	0000	41

C:\Program Files\Microchip\xc8\v2.31\pic\sources\c90\common\strcat.c estimated size: 41

C:\Program Files\Microchip\xc8\v2.31\pic\sources\c90\common\sprintf.c
		_sprintf       		CODE           	0681	0000	33

C:\Program Files\Microchip\xc8\v2.31\pic\sources\c90\common\sprintf.c estimated size: 33

C:\Program Files\Microchip\xc8\v2.31\pic\sources\c90\common\lwdiv.c
		___lwdiv       		CODE           	04F9	0000	70

C:\Program Files\Microchip\xc8\v2.31\pic\sources\c90\common\lwdiv.c estimated size: 70

C:\Program Files\Microchip\xc8\v2.31\pic\sources\c90\common\awdiv.c
		___awdiv       		CODE           	0429	0000	105

C:\Program Files\Microchip\xc8\v2.31\pic\sources\c90\common\awdiv.c estimated size: 105

shared
		__stringtab    		STRING         	0300	0000	6
		_dpowers       		STRING         	0306	0000	10
		__initialization		CODE           	000F	0000	18
		__fptable      		ENTRY          	0025	0000	9

shared estimated size: 43

C:\Program Files\Microchip\xc8\v2.31\pic\sources\c90\common\printf.c
		_printf        		CODE           	06A2	0000	27

C:\Program Files\Microchip\xc8\v2.31\pic\sources\c90\common\printf.c estimated size: 27

C:\Program Files\Microchip\xc8\v2.31\pic\sources\c90\common\Umul8.c
		___bmul        		CODE           	06BD	0000	21

C:\Program Files\Microchip\xc8\v2.31\pic\sources\c90\common\Umul8.c estimated size: 21

Lab05.c
		_decimal       		CODE           	0492	0000	103
		_putch         		CODE           	06F8	0000	9
		_Text          		CODE           	002E	0000	328
		_main          		CODE           	06D2	0000	20
		_concat        		CODE           	053F	0000	61
		_isr           		CODE           	05B8	0000	59
		_setup         		CODE           	05F3	0000	58

Lab05.c estimated size: 638

