Microchip MPLAB XC8 Compiler V2.31

Linker command line:

-W-3 --edf=C:\Program Files\Microchip\xc8\v2.31\pic\dat\en_msgs.txt -cn \
  -h+dist/default/production\Master.X.production.sym \
  --cmf=dist/default/production\Master.X.production.cmf -z -Q16F887 \
  -oC:\Users\PERSON~1\AppData\Local\Temp\sgms.2 --defsym=__MPLAB_BUILD=1 \
  -Mdist/default/production/Master.X.production.map -E1 -ver=XC8 Compiler \
  --acfsm=1493 -ASTACK=0110h-016Fh -pstack=STACK -ACODE=00h-07FFhx4 \
  -ASTRCODE=00h-01FFFh -ASTRING=00h-0FFhx32 -ACONST=00h-0FFhx32 \
  -AENTRY=00h-0FFhx32 -ACOMMON=070h-07Fh -ABANK0=020h-06Fh \
  -ABANK1=0A0h-0EFh -ABANK2=0110h-016Fh -ABANK3=0190h-01EFh \
  -ARAM=020h-06Fh,0A0h-0EFh,0110h-016Fh,0190h-01EFh \
  -AABS1=020h-07Fh,0A0h-0EFh,0110h-016Fh,0190h-01EFh -ASFR0=00h-01Fh \
  -ASFR1=080h-09Fh -ASFR2=0100h-010Fh -ASFR3=0180h-018Fh \
  -ACONFIG=02007h-02008h -DCONFIG=2 -AIDLOC=02000h-02003h -DIDLOC=2 \
  -AEEDATA=00h-0FFh/02100h -peeprom_data=EEDATA -DEEDATA=2 -DCODE=2 \
  -DSTRCODE=2 -DSTRING=2 -DCONST=2 -DENTRY=2 \
  -preset_vec=00h,intentry,init,end_init -ppowerup=CODE -pcinit=CODE \
  -pfunctab=ENTRY -k C:\Users\PERSON~1\AppData\Local\Temp\sgms.o \
  dist/default/production\Master.X.production.o 

Object code version is 3.11

Machine type is 16F887



                Name                               Link     Load   Length Selector   Space Scale
C:\Users\PERSON~1\AppData\Local\Temp\sgms.o
                end_init                              0        0        3        0       0
                config                             2007     2007        2        0       4
dist/default/production\Master.X.production.o
                cinit                               7F3      7F3        D      FE6       0
                functab                               3        3        9        6       0
                config                             2007     2007        2        0       4
                text24                              1AF      1AF       25      35E       0
                text23                               D9       D9       12      1B2       0
                text22                              490      490       7B      920       0
                text21                              429      429       67      852       0
                text20                              2A0      2A0       59      540       0
                text19                              3C3      3C3       66      786       0
                text18                              25C      25C       44      4B8       0
                text17                              222      222       3A      444       0
                text16                               C7       C7        9      18E       0
                text15                              50B      50B      148      A16       0
                text14                              101      101       1A      202       0
                text13                              2F9      2F9       65      5F2       0
                text12                              35E      35E       65      6BC       0
                text11                              137      137       1D      26E       0
                text10                              154      154       1D      2A8       0
                text9                               171      171       1D      2E2       0
                text8                               11B      11B       1C      236       0
                text7                                EB       EB       16      1D6       0
                text6                               1D4      1D4       25      3A8       0
                text5                                B8       B8        7      170       0
                text4                                D0       D0        9      1A0       0
                text3                                B2       B2        6      164       0
                text2                               18E      18E       21      31C       0
                text1                               1F9      1F9       29      3F2       0
                maintext                            653      653      1A0      CA6       0
                cstackBANK0                          47       47       1A       20       1
                cstackCOMMON                         70       70        E       70       1
                clrtext                              BF       BF        8      17E       0
                bssBANK0                             20       20       27       20       1
                stringtext                          800      800      105       10       0

TOTAL           Name                               Link     Load   Length     Space
        CLASS   STACK          

        CLASS   CODE           
                end_init                              0        0        3         0
                cinit                               7F3      7F3        D         0
                text24                              1AF      1AF       25         0
                text23                               D9       D9       12         0
                text22                              490      490       7B         0
                text21                              429      429       67         0
                text20                              2A0      2A0       59         0
                text19                              3C3      3C3       66         0
                text18                              25C      25C       44         0
                text17                              222      222       3A         0
                text16                               C7       C7        9         0
                text15                              50B      50B      148         0
                text14                              101      101       1A         0
                text13                              2F9      2F9       65         0
                text12                              35E      35E       65         0
                text11                              137      137       1D         0
                text10                              154      154       1D         0
                text9                               171      171       1D         0
                text8                               11B      11B       1C         0
                text7                                EB       EB       16         0
                text6                               1D4      1D4       25         0
                text5                                B8       B8        7         0
                text4                                D0       D0        9         0
                text3                                B2       B2        6         0
                text2                               18E      18E       21         0
                text1                               1F9      1F9       29         0
                maintext                            653      653      1A0         0
                clrtext                              BF       BF        8         0

        CLASS   STRCODE        
                stringtext                          800      800      105         0

        CLASS   STRING         

        CLASS   CONST          

        CLASS   ENTRY          
                functab                               3        3        9         0

        CLASS   COMMON         
                cstackCOMMON                         70       70        E         1

        CLASS   BANK0          
                cstackBANK0                          47       47       1A         1
                bssBANK0                             20       20       27         1

        CLASS   BANK1          

        CLASS   BANK2          

        CLASS   BANK3          

        CLASS   RAM            

        CLASS   ABS1           
                abs_s1                               7E       7E        2         1

        CLASS   SFR0           

        CLASS   SFR1           

        CLASS   SFR2           

        CLASS   SFR3           

        CLASS   CONFIG         
                config                             2007     2007        2         4

        CLASS   IDLOC          

        CLASS   EEDATA         



SEGMENTS        Name                           Load    Length   Top    Selector   Space  Class     Delta

                reset_vec                      000000  000003  000003         0       0  CODE        2
                functab                        000003  000009  00000C         6       0  ENTRY       2
                bssBANK0                       000020  000041  000061        20       1  BANK0       1
                cstackCOMMON                   000070  00000E  00007E        70       1  COMMON      1
                text3                          0000B2  000006  0000B8       164       0  CODE        2
                text5                          0000B8  000007  0000BF       170       0  CODE        2
                clrtext                        0000BF  000008  0000C7       17E       0  CODE        2
                text16                         0000C7  000009  0000D0       18E       0  CODE        2
                text4                          0000D0  000009  0000D9       1A0       0  CODE        2
                text23                         0000D9  000012  0000EB       1B2       0  CODE        2
                text7                          0000EB  000016  000101       1D6       0  CODE        2
                text14                         000101  00001A  00011B       202       0  CODE        2
                text8                          00011B  00001C  000137       236       0  CODE        2
                text11                         000137  00001D  000154       26E       0  CODE        2
                text10                         000154  00001D  000171       2A8       0  CODE        2
                text9                          000171  00001D  00018E       2E2       0  CODE        2
                text2                          00018E  000021  0001AF       31C       0  CODE        2
                text24                         0001AF  000025  0001D4       35E       0  CODE        2
                text6                          0001D4  000025  0001F9       3A8       0  CODE        2
                text1                          0001F9  000029  000222       3F2       0  CODE        2
                text17                         000222  00003A  00025C       444       0  CODE        2
                text18                         00025C  000044  0002A0       4B8       0  CODE        2
                text20                         0002A0  000059  0002F9       540       0  CODE        2
                text13                         0002F9  000065  00035E       5F2       0  CODE        2
                text12                         00035E  000065  0003C3       6BC       0  CODE        2
                text19                         0003C3  000066  000429       786       0  CODE        2
                text21                         000429  000067  000490       852       0  CODE        2
                text22                         000490  00007B  00050B       920       0  CODE        2
                text15                         00050B  000148  000653       A16       0  CODE        2
                maintext                       000653  0001A0  0007F3       CA6       0  CODE        2
                cinit                          0007F3  00000D  000800       FE6       0  CODE        2
                stringtext                     000800  000105  000905        10       0  STRCODE     2


UNUSED ADDRESS RANGES

        Name                Unused          Largest block    Delta
        BANK0            0061-006F              F           1
        BANK1            00A0-00EF             50           1
        BANK2            0110-016F             60           1
        BANK3            0190-01EF             60           1
        CODE             000C-00B1             A6           2
                         0905-1FFF            800
        CONST            000C-00B1             A6           2
                         0905-1FFF            100
        EEDATA           2100-21FF            100           2
        ENTRY            000C-00B1             A6           2
                         0905-1FFF            100
        IDLOC            2000-2003              4           2
        RAM              0061-006F              F           1
                         00A0-00EF             50
                         0110-016F             60
                         0190-01EF             60
        SFR0             0000-001F             20           1
        SFR1             0080-009F             20           1
        SFR2             0100-010F             10           1
        SFR3             0180-018F             10           1
        STACK            0110-016F             60           1
        STRCODE          000C-00B1             A6           2
                         0905-1FFF           16FB
        STRING           000C-00B1             A6           2
                         0905-1FFF            100

                                  Symbol Table

?___awdiv                cstackCOMMON 0070
?___awmod                cstackCOMMON 0070
?___lwdiv                cstackCOMMON 0070
?___lwmod                cstackCOMMON 0078
?___wmul                 cstackCOMMON 0070
?__doprnt                cstackBANK0  0047
?_atoi                   cstackCOMMON 0076
?_printf                 cstackBANK0  0054
?_sprintf                cstackBANK0  0054
_BAUDCTLbits             (abs)        0187
_INTCONbits              (abs)        000B
_OSCCONbits              (abs)        008F
_PIR1bits                (abs)        000C
_PORTA                   (abs)        0005
_PORTB                   (abs)        0006
_PORTC                   (abs)        0007
_PORTCbits               (abs)        0007
_PORTD                   (abs)        0008
_PORTE                   (abs)        0009
_RCIF                    (abs)        0065
_RCREG                   (abs)        001A
_RCSTAbits               (abs)        0018
_SPBRG                   (abs)        0099
_SPBRGH                  (abs)        009A
_SSPBUF                  (abs)        0013
_SSPCON                  (abs)        0014
_SSPSTAT                 (abs)        0094
_SSPSTATbits             (abs)        0094
_TRISB                   (abs)        0086
_TRISC3                  (abs)        043B
_TRISC5                  (abs)        043D
_TRISCbits               (abs)        0087
_TRISD                   (abs)        0088
_TXIF                    (abs)        0064
_TXREG                   (abs)        0019
_TXSTAbits               (abs)        0098
__Habs1                  abs1         0018
__Hbank0                 bank0        0018
__Hbank1                 bank1        0018
__Hbank2                 bank2        0018
__Hbank3                 bank3        0018
__HbssBANK0              bssBANK0     0018
__Hcinit                 cinit        0800
__Hclrtext               clrtext      0018
__Hcode                  code         0018
__Hcommon                common       0018
__Hconfig                config       2009
__HcstackBANK0           cstackBANK0  0018
__HcstackCOMMON          cstackCOMMON 0018
__Heeprom_data           eeprom_data  0000
__Hend_init              end_init     0003
__Hfunctab               functab      000C
__Hinit                  init         0000
__Hintentry              intentry     0000
__Hmaintext              maintext     0018
__Hpowerup               powerup      0000
__Hram                   ram          0018
__Hreset_vec             reset_vec    0000
__Hsfr0                  sfr0         0018
__Hsfr1                  sfr1         0018
__Hsfr2                  sfr2         0018
__Hsfr3                  sfr3         0018
__Hspace_0               (abs)        0905
__Hspace_1               (abs)        007E
__Hspace_2               (abs)        0000
__Hspace_3               (abs)        0000
__Hspace_4               (abs)        4010
__Hstack                 stack        0000
__Hstrings               strings      0018
__Hstringtext            stringtext   0018
__Htext                  text         0018
__Labs1                  abs1         0018
__Lbank0                 bank0        0018
__Lbank1                 bank1        0018
__Lbank2                 bank2        0018
__Lbank3                 bank3        0018
__LbssBANK0              bssBANK0     0018
__Lcinit                 cinit        07F3
__Lclrtext               clrtext      0018
__Lcode                  code         0018
__Lcommon                common       0018
__Lconfig                config       0000
__LcstackBANK0           cstackBANK0  0018
__LcstackCOMMON          cstackCOMMON 0018
__Leeprom_data           eeprom_data  0000
__Lend_init              end_init     0000
__Lfunctab               functab      0003
__Linit                  init         0000
__Lintentry              intentry     0000
__Lmaintext              maintext     0018
__Lpowerup               powerup      0000
__Lram                   ram          0018
__Lreset_vec             reset_vec    0000
__Lsfr0                  sfr0         0018
__Lsfr1                  sfr1         0018
__Lsfr2                  sfr2         0018
__Lsfr3                  sfr3         0018
__Lspace_0               (abs)        0000
__Lspace_1               (abs)        0000
__Lspace_2               (abs)        0000
__Lspace_3               (abs)        0000
__Lspace_4               (abs)        0000
__Lstack                 stack        0000
__Lstrings               strings      0018
__Lstringtext            stringtext   0018
__Ltext                  text         0018
__S0                     (abs)        0905
__S1                     (abs)        007E
__S2                     (abs)        0000
__S3                     (abs)        0000
___awdiv                 text21       0429
___awdiv@counter         cstackCOMMON 0075
___awdiv@dividend        cstackCOMMON 0072
___awdiv@divisor         cstackCOMMON 0070
___awdiv@quotient        cstackCOMMON 0077
___awdiv@sign            cstackCOMMON 0076
___awmod                 text20       02A0
___awmod@counter         cstackCOMMON 0075
___awmod@dividend        cstackCOMMON 0072
___awmod@divisor         cstackCOMMON 0070
___awmod@sign            cstackCOMMON 0076
___int_sp                stack        0000
___latbits               (abs)        0002
___lwdiv                 text18       025C
___lwdiv@counter         cstackCOMMON 0077
___lwdiv@dividend        cstackCOMMON 0072
___lwdiv@divisor         cstackCOMMON 0070
___lwdiv@quotient        cstackCOMMON 0075
___lwmod                 text17       0222
___lwmod@counter         cstackCOMMON 007D
___lwmod@dividend        cstackCOMMON 007A
___lwmod@divisor         cstackCOMMON 0078
___sp                    stack        0000
___stackhi               (abs)        0000
___stacklo               (abs)        0000
___wmul                  text24       01AF
___wmul@multiplicand     cstackCOMMON 0072
___wmul@multiplier       cstackCOMMON 0070
___wmul@product          cstackCOMMON 0074
__doprnt                 text15       050B
__doprnt@ap              cstackBANK0  0049
__doprnt@c               cstackBANK0  0052
__doprnt@f               cstackBANK0  0047
__doprnt@flag            cstackBANK0  004E
__doprnt@pb              cstackBANK0  0053
__doprnt@prec            cstackBANK0  004F
__doprnt@val             cstackBANK0  0050
__end_of___awdiv         text21       0490
__end_of___awmod         text20       02F9
__end_of___lwdiv         text18       02A0
__end_of___lwmod         text17       025C
__end_of___wmul          text24       01D4
__end_of__doprnt         text15       0653
__end_of__fptable        functab      000C
__end_of__initialization cinit        07FC
__end_of__stringtab      stringtext   0812
__end_of_atoi            text22       050B
__end_of_config_USART    text8        0137
__end_of_division        text19       0429
__end_of_dpowers         stringtext   081C
__end_of_isdigit         text23       00EB
__end_of_main            maintext     07F3
__end_of_mensaje1        text13       035E
__end_of_mensaje2        text12       03C3
__end_of_precaucion      text11       0154
__end_of_precaucion1     text10       0171
__end_of_precaucion2     text9        018E
__end_of_printf          text14       011B
__end_of_putch           text16       00D0
__end_of_setup           text6        01F9
__end_of_spiInit         text7        0101
__end_of_spiRead         text4        00D9
__end_of_spiReceiveWait  text5        00BF
__end_of_spiWrite        text3        00B8
__end_of_sprintf         text2        01AF
__end_of_strcat          text1        0222
__fptable                functab      0003
__initialization         cinit        07F3
__pbssBANK0              bssBANK0     0020
__pcstackBANK0           cstackBANK0  0047
__pcstackCOMMON          cstackCOMMON 0070
__pfunctab               functab      0003
__pmaintext              maintext     0653
__pstringtext            stringtext   0800
__ptext1                 text1        01F9
__ptext10                text10       0154
__ptext11                text11       0137
__ptext12                text12       035E
__ptext13                text13       02F9
__ptext14                text14       0101
__ptext15                text15       050B
__ptext16                text16       00C7
__ptext17                text17       0222
__ptext18                text18       025C
__ptext19                text19       03C3
__ptext2                 text2        018E
__ptext20                text20       02A0
__ptext21                text21       0429
__ptext22                text22       0490
__ptext23                text23       00D9
__ptext24                text24       01AF
__ptext3                 text3        00B2
__ptext4                 text4        00D0
__ptext5                 text5        00B8
__ptext6                 text6        01D4
__ptext7                 text7        00EB
__ptext8                 text8        011B
__ptext9                 text9        0171
__size_of___awdiv        (abs)        0000
__size_of___awmod        (abs)        0000
__size_of___lwdiv        (abs)        0000
__size_of___lwmod        (abs)        0000
__size_of___wmul         (abs)        0000
__size_of__doprnt        (abs)        0000
__size_of__fptable       (abs)        0000
__size_of_atoi           (abs)        0000
__size_of_config_USART   (abs)        0000
__size_of_division       (abs)        0000
__size_of_isdigit        (abs)        0000
__size_of_main           (abs)        0000
__size_of_mensaje1       (abs)        0000
__size_of_mensaje2       (abs)        0000
__size_of_precaucion     (abs)        0000
__size_of_precaucion1    (abs)        0000
__size_of_precaucion2    (abs)        0000
__size_of_printf         (abs)        0000
__size_of_putch          (abs)        0000
__size_of_setup          (abs)        0000
__size_of_spiInit        (abs)        0000
__size_of_spiRead        (abs)        0000
__size_of_spiReceiveWait (abs)        0000
__size_of_spiWrite       (abs)        0000
__size_of_sprintf        (abs)        0000
__size_of_strcat         (abs)        0000
__stringbase             stringtext   0812
__stringtab              stringtext   0800
_atoi                    text22       0490
_c1                      bssBANK0     0022
_cen                     bssBANK0     0026
_config_USART            text8        011B
_d1                      bssBANK0     0021
_dec                     bssBANK0     0025
_division                text19       03C3
_dpowers                 stringtext   0812
_isdigit                 text23       00D9
_isdigit$1015            cstackCOMMON 0070
_main                    maintext     0653
_mensaje1                text13       02F9
_mensaje2                text12       035E
_precaucion              text11       0137
_precaucion1             text10       0154
_precaucion2             text9        0171
_printf                  text14       0101
_putch                   text16       00C7
_residuo                 bssBANK0     0023
_s1                      bssBANK0     003D
_s2                      bssBANK0     0033
_s3                      bssBANK0     0029
_setup                   text6        01D4
_spiInit                 text7        00EB
_spiRead                 text4        00D0
_spiReceiveWait          text5        00B8
_spiWrite                text3        00B2
_sprintf                 text2        018E
_strcat                  text1        01F9
_u1                      bssBANK0     0020
_un                      bssBANK0     0024
_vol_a                   bssBANK0     0028
_vol_b                   bssBANK0     0027
atoi@a                   cstackCOMMON 007B
atoi@s                   cstackCOMMON 007D
atoi@sign                cstackCOMMON 007A
btemp                    (abs)        007E
clear_ram0               clrtext      00BF
division@dividendo       cstackCOMMON 007C
end_of_initialization    cinit        07FC
fpbase                   functab      0008
fptable                  functab      0003
fptotal                  (abs)        0002
intlevel0                functab      0003
intlevel1                functab      0003
intlevel2                functab      0003
intlevel3                functab      0003
intlevel4                functab      0003
intlevel5                functab      0003
isdigit@c                cstackCOMMON 0071
main@completo            cstackBANK0  005F
printf@ap                cstackBANK0  0057
printf@f                 cstackBANK0  0054
printf@pb                cstackBANK0  0058
putch@info               cstackCOMMON 0070
reset_vec                reset_vec    0000
spiInit@sClockIdle       cstackCOMMON 0071
spiInit@sDataSample      cstackCOMMON 0070
spiInit@sTransmitEdge    cstackCOMMON 0072
spiInit@sType            cstackCOMMON 0073
spiWrite@dat             cstackCOMMON 0070
sprintf@ap               cstackBANK0  0059
sprintf@f                cstackBANK0  0054
sprintf@pb               cstackBANK0  005B
sprintf@wh               cstackBANK0  005A
start                    init         0000
start_initialization     cinit        07F3
strcat@cp                cstackCOMMON 0073
strcat@from              cstackCOMMON 0070
strcat@to                cstackCOMMON 0072
wtemp0                   (abs)        007E


FUNCTION INFORMATION:

 *************** function _main *****************
 Defined at:
		line 109 in file "Master.c"
 Parameters:    Size  Location     Type
		None
 Auto vars:     Size  Location     Type
  completo        2   24[BANK0 ] int 
 Return value:  Size  Location     Type
                  1    wreg      void 
 Registers used:
		wreg, fsr0l, fsr0h, status,2, status,0, btemp+1, pclath, cstack
 Tracked objects:
		On entry : 
		On exit  : 
		Unchanged: 
 Data sizes:     COMMON   BANK0   BANK1   BANK3   BANK2
      Params:         0       0       0       0       0
      Locals:         0       2       0       0       0
      Temps:          0       2       0       0       0
      Totals:         0       4       0       0       0
Total ram usage:        4 bytes
 Hardware stack levels required when called:    4
 This function calls:
		_atoi
		_division
		_mensaje1
		_mensaje2
		_precaucion
		_precaucion1
		_precaucion2
		_printf
		_setup
		_spiRead
		_spiWrite
		_sprintf
		_strcat
 This function is called by:
		Startup code after reset
 This function uses a non-reentrant model


 *************** function _strcat *****************
 Defined at:
		line 8 in file "C:\Program Files\Microchip\xc8\v2.31\pic\sources\c90\common\strcat.c"
 Parameters:    Size  Location     Type
  to              1    wreg     PTR unsigned char 
		 -> s1(10), 
  from            1    0[COMMON] PTR const unsigned char 
		 -> s3(10), s2(10), 
 Auto vars:     Size  Location     Type
  to              1    2[COMMON] PTR unsigned char 
		 -> s1(10), 
  cp              1    3[COMMON] PTR unsigned char 
		 -> s1(10), 
 Return value:  Size  Location     Type
                  1    wreg      PTR unsigned char 
 Registers used:
		wreg, fsr0l, fsr0h, status,2, status,0
 Tracked objects:
		On entry : 
		On exit  : 
		Unchanged: 
 Data sizes:     COMMON   BANK0   BANK1   BANK3   BANK2
      Params:         1       0       0       0       0
      Locals:         2       0       0       0       0
      Temps:          1       0       0       0       0
      Totals:         4       0       0       0       0
Total ram usage:        4 bytes
 Hardware stack levels used:    1
 This function calls:
		Nothing
 This function is called by:
		_main
 This function uses a non-reentrant model


 *************** function _sprintf *****************
 Defined at:
		line 13 in file "C:\Program Files\Microchip\xc8\v2.31\pic\sources\c90\common\sprintf.c"
 Parameters:    Size  Location     Type
  wh              1    wreg     PTR unsigned char 
		 -> s3(10), s2(10), s1(10), 
  f               2   13[BANK0 ] PTR const unsigned char 
		 -> STR_7(3), STR_6(3), STR_5(3), 
 Auto vars:     Size  Location     Type
  wh              1   19[BANK0 ] PTR unsigned char 
		 -> s3(10), s2(10), s1(10), 
  pb              2   20[BANK0 ] struct __prbuf
  ap              1   18[BANK0 ] PTR void [1]
		 -> ?_sprintf(2), ?_printf(2), 
 Return value:  Size  Location     Type
                  2   13[BANK0 ] int 
 Registers used:
		wreg, fsr0l, fsr0h, status,2, status,0, btemp+1, pclath, cstack
 Tracked objects:
		On entry : 
		On exit  : 
		Unchanged: 
 Data sizes:     COMMON   BANK0   BANK1   BANK3   BANK2
      Params:         0       4       0       0       0
      Locals:         0       4       0       0       0
      Temps:          0       1       0       0       0
      Totals:         0       9       0       0       0
Total ram usage:        9 bytes
 Hardware stack levels used:    1
 Hardware stack levels required when called:    2
 This function calls:
		__doprnt
 This function is called by:
		_main
 This function uses a non-reentrant model


 *************** function _spiWrite *****************
 Defined at:
		line 34 in file "SPI.c"
 Parameters:    Size  Location     Type
  dat             1    wreg     unsigned char 
 Auto vars:     Size  Location     Type
  dat             1    0[COMMON] unsigned char 
 Return value:  Size  Location     Type
                  1    wreg      void 
 Registers used:
		wreg
 Tracked objects:
		On entry : 
		On exit  : 
		Unchanged: 
 Data sizes:     COMMON   BANK0   BANK1   BANK3   BANK2
      Params:         0       0       0       0       0
      Locals:         1       0       0       0       0
      Temps:          0       0       0       0       0
      Totals:         1       0       0       0       0
Total ram usage:        1 bytes
 Hardware stack levels used:    1
 This function calls:
		Nothing
 This function is called by:
		_main
 This function uses a non-reentrant model


 *************** function _spiRead *****************
 Defined at:
		line 47 in file "SPI.c"
 Parameters:    Size  Location     Type
		None
 Auto vars:     Size  Location     Type
		None
 Return value:  Size  Location     Type
                  1    wreg      unsigned char 
 Registers used:
		wreg, status,2, status,0, pclath, cstack
 Tracked objects:
		On entry : 
		On exit  : 
		Unchanged: 
 Data sizes:     COMMON   BANK0   BANK1   BANK3   BANK2
      Params:         0       0       0       0       0
      Locals:         0       0       0       0       0
      Temps:          0       0       0       0       0
      Totals:         0       0       0       0       0
Total ram usage:        0 bytes
 Hardware stack levels used:    1
 Hardware stack levels required when called:    1
 This function calls:
		_spiReceiveWait
 This function is called by:
		_main
 This function uses a non-reentrant model


 *************** function _spiReceiveWait *****************
 Defined at:
		line 29 in file "SPI.c"
 Parameters:    Size  Location     Type
		None
 Auto vars:     Size  Location     Type
		None
 Return value:  Size  Location     Type
                  1    wreg      void 
 Registers used:
		None
 Tracked objects:
		On entry : 
		On exit  : 
		Unchanged: 
 Data sizes:     COMMON   BANK0   BANK1   BANK3   BANK2
      Params:         0       0       0       0       0
      Locals:         0       0       0       0       0
      Temps:          0       0       0       0       0
      Totals:         0       0       0       0       0
Total ram usage:        0 bytes
 Hardware stack levels used:    1
 This function calls:
		Nothing
 This function is called by:
		_spiRead
 This function uses a non-reentrant model


 *************** function _setup *****************
 Defined at:
		line 76 in file "Master.c"
 Parameters:    Size  Location     Type
		None
 Auto vars:     Size  Location     Type
		None
 Return value:  Size  Location     Type
                  1    wreg      void 
 Registers used:
		wreg, status,2, status,0, pclath, cstack
 Tracked objects:
		On entry : 
		On exit  : 
		Unchanged: 
 Data sizes:     COMMON   BANK0   BANK1   BANK3   BANK2
      Params:         0       0       0       0       0
      Locals:         0       0       0       0       0
      Temps:          0       0       0       0       0
      Totals:         0       0       0       0       0
Total ram usage:        0 bytes
 Hardware stack levels used:    1
 Hardware stack levels required when called:    1
 This function calls:
		_config_USART
		_spiInit
 This function is called by:
		_main
 This function uses a non-reentrant model


 *************** function _spiInit *****************
 Defined at:
		line 12 in file "SPI.c"
 Parameters:    Size  Location     Type
  sType           1    wreg     enum E1264
  sDataSample     1    0[COMMON] enum E1272
  sClockIdle      1    1[COMMON] enum E1276
  sTransmitEdg    1    2[COMMON] enum E1280
 Auto vars:     Size  Location     Type
  sType           1    3[COMMON] enum E1264
 Return value:  Size  Location     Type
                  1    wreg      void 
 Registers used:
		wreg, status,2, status,0
 Tracked objects:
		On entry : 
		On exit  : 
		Unchanged: 
 Data sizes:     COMMON   BANK0   BANK1   BANK3   BANK2
      Params:         3       0       0       0       0
      Locals:         1       0       0       0       0
      Temps:          0       0       0       0       0
      Totals:         4       0       0       0       0
Total ram usage:        4 bytes
 Hardware stack levels used:    1
 This function calls:
		Nothing
 This function is called by:
		_setup
 This function uses a non-reentrant model


 *************** function _config_USART *****************
 Defined at:
		line 12 in file "config_USART.c"
 Parameters:    Size  Location     Type
		None
 Auto vars:     Size  Location     Type
		None
 Return value:  Size  Location     Type
                  1    wreg      void 
 Registers used:
		wreg, status,2
 Tracked objects:
		On entry : 
		On exit  : 
		Unchanged: 
 Data sizes:     COMMON   BANK0   BANK1   BANK3   BANK2
      Params:         0       0       0       0       0
      Locals:         0       0       0       0       0
      Temps:          0       0       0       0       0
      Totals:         0       0       0       0       0
Total ram usage:        0 bytes
 Hardware stack levels used:    1
 This function calls:
		Nothing
 This function is called by:
		_setup
 This function uses a non-reentrant model


 *************** function _precaucion2 *****************
 Defined at:
		line 243 in file "Master.c"
 Parameters:    Size  Location     Type
		None
 Auto vars:     Size  Location     Type
		None
 Return value:  Size  Location     Type
                  1    wreg      void 
 Registers used:
		wreg, fsr0l, fsr0h, status,2, status,0, btemp+1, pclath, cstack
 Tracked objects:
		On entry : 
		On exit  : 
		Unchanged: 
 Data sizes:     COMMON   BANK0   BANK1   BANK3   BANK2
      Params:         0       0       0       0       0
      Locals:         0       0       0       0       0
      Temps:          0       1       0       0       0
      Totals:         0       1       0       0       0
Total ram usage:        1 bytes
 Hardware stack levels used:    1
 Hardware stack levels required when called:    3
 This function calls:
		_printf
 This function is called by:
		_main
 This function uses a non-reentrant model


 *************** function _precaucion1 *****************
 Defined at:
		line 235 in file "Master.c"
 Parameters:    Size  Location     Type
		None
 Auto vars:     Size  Location     Type
		None
 Return value:  Size  Location     Type
                  1    wreg      void 
 Registers used:
		wreg, fsr0l, fsr0h, status,2, status,0, btemp+1, pclath, cstack
 Tracked objects:
		On entry : 
		On exit  : 
		Unchanged: 
 Data sizes:     COMMON   BANK0   BANK1   BANK3   BANK2
      Params:         0       0       0       0       0
      Locals:         0       0       0       0       0
      Temps:          0       1       0       0       0
      Totals:         0       1       0       0       0
Total ram usage:        1 bytes
 Hardware stack levels used:    1
 Hardware stack levels required when called:    3
 This function calls:
		_printf
 This function is called by:
		_main
 This function uses a non-reentrant model


 *************** function _precaucion *****************
 Defined at:
		line 227 in file "Master.c"
 Parameters:    Size  Location     Type
		None
 Auto vars:     Size  Location     Type
		None
 Return value:  Size  Location     Type
                  1    wreg      void 
 Registers used:
		wreg, fsr0l, fsr0h, status,2, status,0, btemp+1, pclath, cstack
 Tracked objects:
		On entry : 
		On exit  : 
		Unchanged: 
 Data sizes:     COMMON   BANK0   BANK1   BANK3   BANK2
      Params:         0       0       0       0       0
      Locals:         0       0       0       0       0
      Temps:          0       1       0       0       0
      Totals:         0       1       0       0       0
Total ram usage:        1 bytes
 Hardware stack levels used:    1
 Hardware stack levels required when called:    3
 This function calls:
		_printf
 This function is called by:
		_main
 This function uses a non-reentrant model


 *************** function _mensaje2 *****************
 Defined at:
		line 213 in file "Master.c"
 Parameters:    Size  Location     Type
		None
 Auto vars:     Size  Location     Type
		None
 Return value:  Size  Location     Type
                  1    wreg      void 
 Registers used:
		wreg, fsr0l, fsr0h, status,2, status,0, btemp+1, pclath, cstack
 Tracked objects:
		On entry : 
		On exit  : 
		Unchanged: 
 Data sizes:     COMMON   BANK0   BANK1   BANK3   BANK2
      Params:         0       0       0       0       0
      Locals:         0       0       0       0       0
      Temps:          0       2       0       0       0
      Totals:         0       2       0       0       0
Total ram usage:        2 bytes
 Hardware stack levels used:    1
 Hardware stack levels required when called:    3
 This function calls:
		_printf
 This function is called by:
		_main
 This function uses a non-reentrant model


 *************** function _mensaje1 *****************
 Defined at:
		line 199 in file "Master.c"
 Parameters:    Size  Location     Type
		None
 Auto vars:     Size  Location     Type
		None
 Return value:  Size  Location     Type
                  1    wreg      void 
 Registers used:
		wreg, fsr0l, fsr0h, status,2, status,0, btemp+1, pclath, cstack
 Tracked objects:
		On entry : 
		On exit  : 
		Unchanged: 
 Data sizes:     COMMON   BANK0   BANK1   BANK3   BANK2
      Params:         0       0       0       0       0
      Locals:         0       0       0       0       0
      Temps:          0       2       0       0       0
      Totals:         0       2       0       0       0
Total ram usage:        2 bytes
 Hardware stack levels used:    1
 Hardware stack levels required when called:    3
 This function calls:
		_printf
 This function is called by:
		_main
 This function uses a non-reentrant model


 *************** function _printf *****************
 Defined at:
		line 13 in file "C:\Program Files\Microchip\xc8\v2.31\pic\sources\c90\common\printf.c"
 Parameters:    Size  Location     Type
  f               2   13[BANK0 ] PTR const unsigned char 
		 -> STR_16(39), STR_15(39), STR_14(30), STR_13(3), 
		 -> STR_12(2), STR_11(8), STR_10(2), STR_9(2), 
		 -> STR_8(8), STR_4(30), STR_3(29), STR_2(52), 
		 -> STR_1(32), 
 Auto vars:     Size  Location     Type
  pb              2   17[BANK0 ] struct __prbuf
  ap              1   16[BANK0 ] PTR void [1]
		 -> ?_sprintf(2), ?_printf(2), 
 Return value:  Size  Location     Type
                  2   13[BANK0 ] int 
 Registers used:
		wreg, fsr0l, fsr0h, status,2, status,0, btemp+1, pclath, cstack
 Tracked objects:
		On entry : 
		On exit  : 
		Unchanged: 
 Data sizes:     COMMON   BANK0   BANK1   BANK3   BANK2
      Params:         0       2       0       0       0
      Locals:         0       3       0       0       0
      Temps:          0       1       0       0       0
      Totals:         0       6       0       0       0
Total ram usage:        6 bytes
 Hardware stack levels used:    1
 Hardware stack levels required when called:    2
 This function calls:
		__doprnt
 This function is called by:
		_main
		_mensaje1
		_mensaje2
		_precaucion
		_precaucion1
		_precaucion2
 This function uses a non-reentrant model


 *************** function __doprnt *****************
 Defined at:
		line 471 in file "C:\Program Files\Microchip\xc8\v2.31\pic\sources\c90\common\doprnt.c"
 Parameters:    Size  Location     Type
  pb              1    wreg     PTR struct __prbuf
		 -> sprintf@pb(2), printf@pb(2), 
  f               2    0[BANK0 ] PTR const unsigned char 
		 -> STR_16(39), STR_15(39), STR_14(30), STR_13(3), 
		 -> STR_12(2), STR_11(8), STR_10(2), STR_9(2), 
		 -> STR_8(8), STR_7(3), STR_6(3), STR_5(3), 
		 -> STR_4(30), STR_3(29), STR_2(52), STR_1(32), 
  ap              1    2[BANK0 ] PTR PTR void 
		 -> sprintf@ap(1), printf@ap(1), 
 Auto vars:     Size  Location     Type
  pb              1   12[BANK0 ] PTR struct __prbuf
		 -> sprintf@pb(2), printf@pb(2), 
  tmpval          4    0        struct .
  val             2    9[BANK0 ] unsigned int 
  cp              2    0        PTR const unsigned char 
  len             2    0        unsigned int 
  c               1   11[BANK0 ] unsigned char 
  prec            1    8[BANK0 ] char 
  flag            1    7[BANK0 ] unsigned char 
 Return value:  Size  Location     Type
                  2    0[BANK0 ] int 
 Registers used:
		wreg, fsr0l, fsr0h, status,2, status,0, btemp+1, pclath, cstack
 Tracked objects:
		On entry : 
		On exit  : 
		Unchanged: 
 Data sizes:     COMMON   BANK0   BANK1   BANK3   BANK2
      Params:         0       3       0       0       0
      Locals:         0       6       0       0       0
      Temps:          0       4       0       0       0
      Totals:         0      13       0       0       0
Total ram usage:       13 bytes
 Hardware stack levels used:    1
 Hardware stack levels required when called:    1
 This function calls:
		Absolute function
		___lwdiv
		___lwmod
		_putch
 This function is called by:
		_printf
		_sprintf
 This function uses a non-reentrant model


 *************** function _putch *****************
 Defined at:
		line 182 in file "Master.c"
 Parameters:    Size  Location     Type
  info            1    0[COMMON] unsigned char 
 Auto vars:     Size  Location     Type
		None
 Return value:  Size  Location     Type
                  1    wreg      void 
 Registers used:
		wreg
 Tracked objects:
		On entry : 
		On exit  : 
		Unchanged: 
 Data sizes:     COMMON   BANK0   BANK1   BANK3   BANK2
      Params:         1       0       0       0       0
      Locals:         0       0       0       0       0
      Temps:          0       0       0       0       0
      Totals:         1       0       0       0       0
Total ram usage:        1 bytes
 Hardware stack levels used:    1
 This function calls:
		Nothing
 This function is called by:
		_printf
		__doprnt
 This function uses a non-reentrant model


 *************** function ___lwmod *****************
 Defined at:
		line 5 in file "C:\Program Files\Microchip\xc8\v2.31\pic\sources\c90\common\lwmod.c"
 Parameters:    Size  Location     Type
  divisor         2    8[COMMON] unsigned int 
  dividend        2   10[COMMON] unsigned int 
 Auto vars:     Size  Location     Type
  counter         1   13[COMMON] unsigned char 
 Return value:  Size  Location     Type
                  2    8[COMMON] unsigned int 
 Registers used:
		wreg, status,2, status,0
 Tracked objects:
		On entry : 
		On exit  : 
		Unchanged: 
 Data sizes:     COMMON   BANK0   BANK1   BANK3   BANK2
      Params:         4       0       0       0       0
      Locals:         1       0       0       0       0
      Temps:          1       0       0       0       0
      Totals:         6       0       0       0       0
Total ram usage:        6 bytes
 Hardware stack levels used:    1
 This function calls:
		Nothing
 This function is called by:
		__doprnt
 This function uses a non-reentrant model


 *************** function ___lwdiv *****************
 Defined at:
		line 5 in file "C:\Program Files\Microchip\xc8\v2.31\pic\sources\c90\common\lwdiv.c"
 Parameters:    Size  Location     Type
  divisor         2    0[COMMON] unsigned int 
  dividend        2    2[COMMON] unsigned int 
 Auto vars:     Size  Location     Type
  quotient        2    5[COMMON] unsigned int 
  counter         1    7[COMMON] unsigned char 
 Return value:  Size  Location     Type
                  2    0[COMMON] unsigned int 
 Registers used:
		wreg, status,2, status,0
 Tracked objects:
		On entry : 
		On exit  : 
		Unchanged: 
 Data sizes:     COMMON   BANK0   BANK1   BANK3   BANK2
      Params:         4       0       0       0       0
      Locals:         3       0       0       0       0
      Temps:          1       0       0       0       0
      Totals:         8       0       0       0       0
Total ram usage:        8 bytes
 Hardware stack levels used:    1
 This function calls:
		Nothing
 This function is called by:
		__doprnt
 This function uses a non-reentrant model


 *************** function _division *****************
 Defined at:
		line 188 in file "Master.c"
 Parameters:    Size  Location     Type
  dividendo       1    wreg     unsigned char 
 Auto vars:     Size  Location     Type
  dividendo       1   12[COMMON] unsigned char 
 Return value:  Size  Location     Type
                  1    wreg      void 
 Registers used:
		wreg, status,2, status,0, pclath, cstack
 Tracked objects:
		On entry : 
		On exit  : 
		Unchanged: 
 Data sizes:     COMMON   BANK0   BANK1   BANK3   BANK2
      Params:         0       0       0       0       0
      Locals:         1       0       0       0       0
      Temps:          3       0       0       0       0
      Totals:         4       0       0       0       0
Total ram usage:        4 bytes
 Hardware stack levels used:    1
 Hardware stack levels required when called:    1
 This function calls:
		___awdiv
		___awmod
 This function is called by:
		_main
 This function uses a non-reentrant model


 *************** function ___awmod *****************
 Defined at:
		line 5 in file "C:\Program Files\Microchip\xc8\v2.31\pic\sources\c90\common\awmod.c"
 Parameters:    Size  Location     Type
  divisor         2    0[COMMON] int 
  dividend        2    2[COMMON] int 
 Auto vars:     Size  Location     Type
  sign            1    6[COMMON] unsigned char 
  counter         1    5[COMMON] unsigned char 
 Return value:  Size  Location     Type
                  2    0[COMMON] int 
 Registers used:
		wreg, status,2, status,0
 Tracked objects:
		On entry : 
		On exit  : 
		Unchanged: 
 Data sizes:     COMMON   BANK0   BANK1   BANK3   BANK2
      Params:         4       0       0       0       0
      Locals:         2       0       0       0       0
      Temps:          1       0       0       0       0
      Totals:         7       0       0       0       0
Total ram usage:        7 bytes
 Hardware stack levels used:    1
 This function calls:
		Nothing
 This function is called by:
		_division
 This function uses a non-reentrant model


 *************** function ___awdiv *****************
 Defined at:
		line 5 in file "C:\Program Files\Microchip\xc8\v2.31\pic\sources\c90\common\awdiv.c"
 Parameters:    Size  Location     Type
  divisor         2    0[COMMON] int 
  dividend        2    2[COMMON] int 
 Auto vars:     Size  Location     Type
  quotient        2    7[COMMON] int 
  sign            1    6[COMMON] unsigned char 
  counter         1    5[COMMON] unsigned char 
 Return value:  Size  Location     Type
                  2    0[COMMON] int 
 Registers used:
		wreg, status,2, status,0
 Tracked objects:
		On entry : 
		On exit  : 
		Unchanged: 
 Data sizes:     COMMON   BANK0   BANK1   BANK3   BANK2
      Params:         4       0       0       0       0
      Locals:         4       0       0       0       0
      Temps:          1       0       0       0       0
      Totals:         9       0       0       0       0
Total ram usage:        9 bytes
 Hardware stack levels used:    1
 This function calls:
		Nothing
 This function is called by:
		_division
 This function uses a non-reentrant model


 *************** function _atoi *****************
 Defined at:
		line 5 in file "C:\Program Files\Microchip\xc8\v2.31\pic\sources\c90\common\atoi.c"
 Parameters:    Size  Location     Type
  s               1    wreg     PTR const unsigned char 
		 -> s1(10), 
 Auto vars:     Size  Location     Type
  s               1   13[COMMON] PTR const unsigned char 
		 -> s1(10), 
  a               2   11[COMMON] int 
  sign            1   10[COMMON] unsigned char 
 Return value:  Size  Location     Type
                  2    6[COMMON] int 
 Registers used:
		wreg, fsr0l, fsr0h, status,2, status,0, pclath, cstack
 Tracked objects:
		On entry : 
		On exit  : 
		Unchanged: 
 Data sizes:     COMMON   BANK0   BANK1   BANK3   BANK2
      Params:         2       0       0       0       0
      Locals:         4       0       0       0       0
      Temps:          2       0       0       0       0
      Totals:         8       0       0       0       0
Total ram usage:        8 bytes
 Hardware stack levels used:    1
 Hardware stack levels required when called:    1
 This function calls:
		___wmul
		_isdigit
 This function is called by:
		_main
 This function uses a non-reentrant model


 *************** function _isdigit *****************
 Defined at:
		line 8 in file "C:\Program Files\Microchip\xc8\v2.31\pic\sources\c90\common\isdigit.c"
 Parameters:    Size  Location     Type
  c               1    wreg     unsigned char 
 Auto vars:     Size  Location     Type
  c               1    1[COMMON] unsigned char 
 Return value:  Size  Location     Type
		None               void
 Registers used:
		wreg, status,2, status,0
 Tracked objects:
		On entry : 
		On exit  : 
		Unchanged: 
 Data sizes:     COMMON   BANK0   BANK1   BANK3   BANK2
      Params:         0       0       0       0       0
      Locals:         2       0       0       0       0
      Temps:          0       0       0       0       0
      Totals:         2       0       0       0       0
Total ram usage:        2 bytes
 Hardware stack levels used:    1
 This function calls:
		Nothing
 This function is called by:
		_atoi
 This function uses a non-reentrant model


 *************** function ___wmul *****************
 Defined at:
		line 15 in file "C:\Program Files\Microchip\xc8\v2.31\pic\sources\c90\common\Umul16.c"
 Parameters:    Size  Location     Type
  multiplier      2    0[COMMON] unsigned int 
  multiplicand    2    2[COMMON] unsigned int 
 Auto vars:     Size  Location     Type
  product         2    4[COMMON] unsigned int 
 Return value:  Size  Location     Type
                  2    0[COMMON] unsigned int 
 Registers used:
		wreg, status,2, status,0
 Tracked objects:
		On entry : 
		On exit  : 
		Unchanged: 
 Data sizes:     COMMON   BANK0   BANK1   BANK3   BANK2
      Params:         4       0       0       0       0
      Locals:         2       0       0       0       0
      Temps:          0       0       0       0       0
      Totals:         6       0       0       0       0
Total ram usage:        6 bytes
 Hardware stack levels used:    1
 This function calls:
		Nothing
 This function is called by:
		_atoi
 This function uses a non-reentrant model



MODULE INFORMATION

Module		Function		Class		Link	Load	Size
Master.c
		_putch         		CODE           	00C7	0000	9
		_main          		CODE           	0653	0000	416
		_precaucion    		CODE           	0137	0000	29
		_precaucion1   		CODE           	0154	0000	29
		_precaucion2   		CODE           	0171	0000	29
		_mensaje1      		CODE           	02F9	0000	101
		_mensaje2      		CODE           	035E	0000	101
		_division      		CODE           	03C3	0000	102
		_setup         		CODE           	01D4	0000	37

Master.c estimated size: 853

C:\Program Files\Microchip\xc8\v2.31\pic\sources\c90\common\doprnt.c
		__doprnt       		CODE           	050B	0000	328

C:\Program Files\Microchip\xc8\v2.31\pic\sources\c90\common\doprnt.c estimated size: 328

config_USART.c
		_config_USART  		CODE           	011B	0000	28

config_USART.c estimated size: 28

C:\Program Files\Microchip\xc8\v2.31\pic\sources\c90\common\lwmod.c
		___lwmod       		CODE           	0222	0000	58

C:\Program Files\Microchip\xc8\v2.31\pic\sources\c90\common\lwmod.c estimated size: 58

C:\Program Files\Microchip\xc8\v2.31\pic\sources\c90\common\awmod.c
		___awmod       		CODE           	02A0	0000	89

C:\Program Files\Microchip\xc8\v2.31\pic\sources\c90\common\awmod.c estimated size: 89

C:\Program Files\Microchip\xc8\v2.31\pic\sources\c90\common\Umul16.c
		___wmul        		CODE           	01AF	0000	37

C:\Program Files\Microchip\xc8\v2.31\pic\sources\c90\common\Umul16.c estimated size: 37

C:\Program Files\Microchip\xc8\v2.31\pic\sources\c90\common\isdigit.c
		_isdigit       		CODE           	00D9	0000	18

C:\Program Files\Microchip\xc8\v2.31\pic\sources\c90\common\isdigit.c estimated size: 18

C:\Program Files\Microchip\xc8\v2.31\pic\sources\c90\common\atoi.c
		_atoi          		CODE           	0490	0000	123

C:\Program Files\Microchip\xc8\v2.31\pic\sources\c90\common\atoi.c estimated size: 123

C:\Program Files\Microchip\xc8\v2.31\pic\sources\c90\common\strcat.c
		_strcat        		CODE           	01F9	0000	41

C:\Program Files\Microchip\xc8\v2.31\pic\sources\c90\common\strcat.c estimated size: 41

C:\Program Files\Microchip\xc8\v2.31\pic\sources\c90\common\sprintf.c
		_sprintf       		CODE           	018E	0000	33

C:\Program Files\Microchip\xc8\v2.31\pic\sources\c90\common\sprintf.c estimated size: 33

C:\Program Files\Microchip\xc8\v2.31\pic\sources\c90\common\lwdiv.c
		___lwdiv       		CODE           	025C	0000	68

C:\Program Files\Microchip\xc8\v2.31\pic\sources\c90\common\lwdiv.c estimated size: 68

C:\Program Files\Microchip\xc8\v2.31\pic\sources\c90\common\awdiv.c
		___awdiv       		CODE           	0429	0000	103

C:\Program Files\Microchip\xc8\v2.31\pic\sources\c90\common\awdiv.c estimated size: 103

shared
		__stringtab    		STRCODE        	0800	0000	18
		_dpowers       		STRCODE        	0812	0000	10
		__initialization		CODE           	07F3	0000	9
		__fptable      		ENTRY          	0003	0000	9

shared estimated size: 46

C:\Program Files\Microchip\xc8\v2.31\pic\sources\c90\common\printf.c
		_printf        		CODE           	0101	0000	26

C:\Program Files\Microchip\xc8\v2.31\pic\sources\c90\common\printf.c estimated size: 26

SPI.c
		_spiWrite      		CODE           	00B2	0000	6
		_spiInit       		CODE           	00EB	0000	22
		_spiReceiveWait		CODE           	00B8	0000	7
		_spiRead       		CODE           	00D0	0000	9

SPI.c estimated size: 44

